{
      "data" => [],
  "included" => [],
      "meta" => {
    "total" => 3
  }
}