{
    "error" => false,
  "details" => "EXPORT_CONFIGS_DELETED"
}