{
    "error" => false,
  "details" => "EXPORT_CONFIG_DELETED"
}