{
  "data" => [
    [ 0] {
              "id" => "__REMOVED__",
            "type" => "file_format_extension",
      "attributes" => {
               "id" => "__REMOVED__",
        "extension" => "arb"
      }
    },
    [ 1] {
              "id" => "__REMOVED__",
            "type" => "file_format_extension",
      "attributes" => {
               "id" => "__REMOVED__",
        "extension" => "json"
      }
    },
    [ 2] {
              "id" => "__REMOVED__",
            "type" => "file_format_extension",
      "attributes" => {
               "id" => "__REMOVED__",
        "extension" => "po"
      }
    },
    [ 3] {
              "id" => "__REMOVED__",
            "type" => "file_format_extension",
      "attributes" => {
               "id" => "__REMOVED__",
        "extension" => "properties"
      }
    },
    [ 4] {
              "id" => "__REMOVED__",
            "type" => "file_format_extension",
      "attributes" => {
               "id" => "__REMOVED__",
        "extension" => "strings"
      }
    },
    [ 5] {
              "id" => "__REMOVED__",
            "type" => "file_format_extension",
      "attributes" => {
               "id" => "__REMOVED__",
        "extension" => "toml"
      }
    },
    [ 6] {
              "id" => "__REMOVED__",
            "type" => "file_format_extension",
      "attributes" => {
               "id" => "__REMOVED__",
        "extension" => "ts"
      }
    },
    [ 7] {
              "id" => "__REMOVED__",
            "type" => "file_format_extension",
      "attributes" => {
               "id" => "__REMOVED__",
        "extension" => "xlf"
      }
    },
    [ 8] {
              "id" => "__REMOVED__",
            "type" => "file_format_extension",
      "attributes" => {
               "id" => "__REMOVED__",
        "extension" => "xliff"
      }
    },
    [ 9] {
              "id" => "__REMOVED__",
            "type" => "file_format_extension",
      "attributes" => {
               "id" => "__REMOVED__",
        "extension" => "xml"
      }
    },
    [10] {
              "id" => "__REMOVED__",
            "type" => "file_format_extension",
      "attributes" => {
               "id" => "__REMOVED__",
        "extension" => "yaml"
      }
    },
    [11] {
              "id" => "__REMOVED__",
            "type" => "file_format_extension",
      "attributes" => {
               "id" => "__REMOVED__",
        "extension" => "yml"
      }
    }
  ]
}