{
  "data" => [
    [0] {
              "id" => "__REMOVED__",
            "type" => "flavor",
      "attributes" => {
          "id" => "__REMOVED__",
        "name" => "Flavor 3"
      }
    }
  ],
  "meta" => {
    "total" => 3
  }
}