{
    "error" => false,
  "details" => "FLAVOR_DELETED"
}