{
  "data" => [],
  "meta" => {
    "total" => 3
  }
}