{
    "error" => false,
  "details" => "FLAVORS_DELETED"
}