{
  "data" => {
            "id" => "__REMOVED__",
          "type" => "flavor",
    "attributes" => {
        "id" => "__REMOVED__",
      "name" => "New Test Name"
    }
  }
}