{
    "error" => false,
  "details" => "TAG_CREATED"
}