{
    "error" => false,
  "details" => "TAG_DELETED"
}