{
  "data" => {
            "id" => "__REMOVED__",
          "type" => "tag",
    "attributes" => {
                                       "id" => "__REMOVED__",
                                     "name" => "New Test Name",
                                   "custom" => false,
                               "project_id" => "__REMOVED__",
      "disable_translation_for_translators" => true
    }
  }
}