a.zero=zero text
a.one=one text
a.two=two text
a.few=few text
a.many=many text
a.other=b
c.zero=zero text
c.one=one text
c.two=two text
c.few=few text
c.many=many text
c.other=d
c.a=e
