const language_name = {
  "a": "b",
  "c": "d"
};

export { language_name };
