"a.few" = "few text"
"a.many" = "many text"
"a.one" = "one text"
"a.other" = "b"
"a.two" = "two text"
"a.zero" = "zero text"
"c.a" = "e"
"c.few" = "few text"
"c.many" = "many text"
"c.one" = "one text"
"c.other" = "d"
"c.two" = "two text"
"c.zero" = "zero text"
