<?xml version="1.0"?>
<resources>
  <string name="a">b</string>
  <string name="c">d</string>
  <string name="e">f</string>
</resources>
