{
  "a": "b",
  "c": {
    "a": "d",
    "b": "e"
  }
}
