{
  "a": {
    "other": ""
  },
  "c": "",
  "c.a": {
    "other": "e"
  }
}
