{
  "a": {
    "a": "overwrites a and a.a.a value"
  }
}
